// Vitest Snapshot v1, https://vitest.dev/guide/snapshot.html

exports[`ContactView.vue > Contrasta Snapshot del HTML 1`] = `
"<div class="about">
  <h1>Contacto</h1>
</div>"
`;
